******************************************************************************
                  TI ARM Linker PC v18.12.2                    
******************************************************************************
>> Linked Thu Oct 31 10:56:39 2019

OUTPUT FILE NAME:   <heart_rate_cc2640r2lp_app.out>
ENTRY POINT SYMBOL: "ResetISR"  address: 00009989


MEMORY CONFIGURATION

         name            origin    length      used     unused   attr    fill
----------------------  --------  ---------  --------  --------  ----  --------
  FLASH                 00000000   0001f000  0000e3de  00010c22  R  X
  FLASH_LAST_PAGE       0001f000   00001000  00000058  00000fa8  R  X
  SRAM                  20000000   00004400  00001e99  00002567  RW X


SEGMENT ALLOCATION MAP

run origin  load origin   length   init length attrs members
----------  ----------- ---------- ----------- ----- -------
00000000    00000000    0000d3e4   0000d3e4    r-x
  00000000    00000000    0000003c   0000003c    r-- .resetVecs
  0000003c    0000003c    00000fc4   00000fc4    r-x .text.1
  00001000    00001000    00000028   00000028    r-- .const:ti_sysbios_heaps_HeapMem_Module__FXNS__C
  00001028    00001028    00000024   00000024    r-- .const:ti_sysbios_gates_GateHwi_Module__FXNS__C
  0000104c    0000104c    00000024   00000024    r-- .const:ti_sysbios_gates_GateMutex_Module__FXNS__C
  00001070    00001070    00000020   00000020    r-- .const:ti_sysbios_family_arm_m3_Hwi_Object__DESC__C
  00001090    00001090    00000020   00000020    r-- .const:ti_sysbios_gates_GateHwi_Object__DESC__C
  000010b0    000010b0    00000020   00000020    r-- .const:ti_sysbios_gates_GateMutex_Object__DESC__C
  000010d0    000010d0    00000020   00000020    r-- .const:ti_sysbios_hal_Hwi_Object__DESC__C
  000010f0    000010f0    00000020   00000020    r-- .const:ti_sysbios_heaps_HeapMem_Object__DESC__C
  00001110    00001110    00000020   00000020    r-- .const:ti_sysbios_knl_Clock_Object__DESC__C
  00001130    00001130    00000020   00000020    r-- .const:ti_sysbios_knl_Event_Object__DESC__C
  00001150    00001150    00000020   00000020    r-- .const:ti_sysbios_knl_Mailbox_Object__DESC__C
  00001170    00001170    00000020   00000020    r-- .const:ti_sysbios_knl_Queue_Object__DESC__C
  00001190    00001190    00000020   00000020    r-- .const:ti_sysbios_knl_Semaphore_Object__DESC__C
  000011b0    000011b0    00000020   00000020    r-- .const:ti_sysbios_knl_Swi_Object__DESC__C
  000011d0    000011d0    00000020   00000020    r-- .const:ti_sysbios_knl_Task_Object__DESC__C
  000011f0    000011f0    00000008   00000008    r-- .const:ti_sysbios_knl_Idle_funcList__C
  000011f8    000011f8    00000004   00000004    r-- .const:ti_sysbios_family_arm_cc26xx_Timer_startupNeeded__C
  000011fc    000011fc    00000004   00000004    r-- .const:ti_sysbios_family_arm_m3_Hwi_E_alreadyDefined__C
  00001200    00001200    00000004   00000004    r-- .const:ti_sysbios_family_arm_m3_Hwi_E_hwiLimitExceeded__C
  00001204    00001204    00000004   00000004    r-- .const:ti_sysbios_family_arm_m3_Hwi_NUM_INTERRUPTS__C
  00001208    00001208    00000004   00000004    r-- .const:ti_sysbios_family_arm_m3_Hwi_Object__count__C
  0000120c    0000120c    00000004   00000004    r-- .const:ti_sysbios_family_arm_m3_Hwi_Object__table__C
  00001210    00001210    00000004   00000004    r-- .const:ti_sysbios_family_arm_m3_Hwi_ccr__C
  00001214    00001214    00000004   00000004    r-- .const:ti_sysbios_family_arm_m3_Hwi_excHandlerFunc__C
  00001218    00001218    00000004   00000004    r-- .const:ti_sysbios_family_arm_m3_Hwi_nullIsrFunc__C
  0000121c    0000121c    00000004   00000004    r-- .const:ti_sysbios_family_arm_m3_Hwi_numSparseInterrupts__C
  00001220    00001220    00000004   00000004    r-- .const:ti_sysbios_family_arm_m3_Hwi_priGroup__C
  00001224    00001224    00000004   00000004    r-- .const:ti_sysbios_family_arm_m3_TaskSupport_stackAlignment__C
  00001228    00001228    00000004   00000004    r-- .const:ti_sysbios_heaps_HeapMem_E_memory__C
  0000122c    0000122c    00000004   00000004    r-- .const:ti_sysbios_heaps_HeapMem_Module__gateObj__C
  00001230    00001230    00000004   00000004    r-- .const:ti_sysbios_heaps_HeapMem_Object__count__C
  00001234    00001234    00000004   00000004    r-- .const:ti_sysbios_heaps_HeapMem_Object__table__C
  00001238    00001238    00000004   00000004    r-- .const:ti_sysbios_heaps_HeapMem_reqAlign__C
  0000123c    0000123c    00000004   00000004    r-- .const:ti_sysbios_knl_Clock_triggerClock__C
  00001240    00001240    00000004   00000004    r-- .const:ti_sysbios_knl_Mailbox_Object__count__C
  00001244    00001244    00000004   00000004    r-- .const:ti_sysbios_knl_Mailbox_Object__table__C
  00001248    00001248    00000004   00000004    r-- .const:ti_sysbios_knl_Mailbox_maxTypeAlign__C
  0000124c    0000124c    00000004   00000004    r-- .const:ti_sysbios_knl_Queue_Object__count__C
  00001250    00001250    00000004   00000004    r-- .const:ti_sysbios_knl_Queue_Object__table__C
  00001254    00001254    00000004   00000004    r-- .const:ti_sysbios_knl_Semaphore_eventPost__C
  00001258    00001258    00000004   00000004    r-- .const:ti_sysbios_knl_Semaphore_eventSync__C
  0000125c    0000125c    00000004   00000004    r-- .const:ti_sysbios_knl_Swi_Object__count__C
  00001260    00001260    00000004   00000004    r-- .const:ti_sysbios_knl_Swi_Object__table__C
  00001264    00001264    00000004   00000004    r-- .const:ti_sysbios_knl_Swi_numPriorities__C
  00001268    00001268    00000004   00000004    r-- .const:ti_sysbios_knl_Task_Object__count__C
  0000126c    0000126c    00000004   00000004    r-- .const:ti_sysbios_knl_Task_Object__table__C
  00001270    00001270    00000004   00000004    r-- .const:ti_sysbios_knl_Task_allBlockedFunc__C
  00001274    00001274    00000004   00000004    r-- .const:ti_sysbios_knl_Task_defaultStackHeap__C
  00001278    00001278    00000004   00000004    r-- .const:ti_sysbios_knl_Task_defaultStackSize__C
  0000127c    0000127c    00000004   00000004    r-- .const:ti_sysbios_knl_Task_numConstructedTasks__C
  00001280    00001280    00000002   00000002    r-- .const:ti_sysbios_family_arm_cc26xx_Timer_Module__id__C
  00001282    00001282    00000002   00000002    r-- .const:ti_sysbios_family_arm_cc26xx_TimestampProvider_useClockTimer__C
  00001284    00001284    00000002   00000002    r-- .const:ti_sysbios_family_arm_m3_Hwi_Module__id__C
  00001286    00001286    00000002   00000002    r-- .const:ti_sysbios_gates_GateHwi_Module__id__C
  00001288    00001288    00000002   00000002    r-- .const:ti_sysbios_gates_GateMutex_Module__id__C
  0000128a    0000128a    00000002   00000002    r-- .const:ti_sysbios_heaps_HeapMem_Module__id__C
  0000128c    0000128c    00000002   00000002    r-- .const:ti_sysbios_knl_Task_initStackFlag__C
  0000128e    0000128e    00000001   00000001    r-- .const:ti_sysbios_knl_Clock_tickMode__C
  00001290    00001290    00000008   00000008    r-- .const:xdc_runtime_Startup_firstFxns__C
  00001298    00001298    00000008   00000008    r-- .const:xdc_runtime_Startup_lastFxns__C
  000012a0    000012a0    00000004   00000004    r-- .const:xdc_runtime_Assert_E_assertFailed__C
  000012a4    000012a4    00000004   00000004    r-- .const:xdc_runtime_Error_E_memory__C
  000012a8    000012a8    00000004   00000004    r-- .const:xdc_runtime_Error_policyFxn__C
  000012ac    000012ac    00000004   00000004    r-- .const:xdc_runtime_Error_raiseHook__C
  000012b0    000012b0    00000004   00000004    r-- .const:xdc_runtime_IGateProvider_Interface__BASE__C
  000012b4    000012b4    00000004   00000004    r-- .const:xdc_runtime_IHeap_Interface__BASE__C
  000012b8    000012b8    00000004   00000004    r-- .const:xdc_runtime_IModule_Interface__BASE__C
  000012bc    000012bc    00000004   00000004    r-- .const:xdc_runtime_Memory_defaultHeapInstance__C
  000012c0    000012c0    00000004   00000004    r-- .const:xdc_runtime_Startup_execImpl__C
  000012c4    000012c4    00000004   00000004    r-- .const:xdc_runtime_Startup_maxPasses__C
  000012c8    000012c8    00000004   00000004    r-- .const:xdc_runtime_Startup_sfxnRts__C
  000012cc    000012cc    00000004   00000004    r-- .const:xdc_runtime_Startup_sfxnTab__C
  000012d0    000012d0    00000004   00000004    r-- .const:xdc_runtime_Startup_startModsFxn__C
  000012d4    000012d4    00000004   00000004    r-- .const:xdc_runtime_SysCallback_abortFxn__C
  000012d8    000012d8    00000004   00000004    r-- .const:xdc_runtime_SysCallback_exitFxn__C
  000012dc    000012dc    00000004   00000004    r-- .const:xdc_runtime_System_abortFxn__C
  000012e0    000012e0    00000004   00000004    r-- .const:xdc_runtime_System_exitFxn__C
  000012e4    000012e4    00000004   00000004    r-- .const:xdc_runtime_System_maxAtexitHandlers__C
  000012e8    000012e8    00000004   00000004    r-- .const:xdc_runtime_Text_charTab__C
  000012ec    000012ec    00000004   00000004    r-- .const:xdc_runtime_Text_nameEmpty__C
  000012f0    000012f0    00000004   00000004    r-- .const:xdc_runtime_Text_nameStatic__C
  000012f4    000012f4    00000004   00000004    r-- .const:xdc_runtime_Text_nameUnknown__C
  000012f8    000012f8    00000002   00000002    r-- .const:xdc_runtime_Error_maxDepth__C
  000012fa    000012fa    00000002   00000002    r-- .const:xdc_runtime_Memory_Module__id__C
  000012fc    000012fc    00000002   00000002    r-- .const:xdc_runtime_Text_charCnt__C
  000012fe    000012fe    00000002   00000002    r-- .const:xdc_runtime_Text_isLoaded__C
  00001300    00001300    00000001   00000001    r-- .const:xdc_runtime_Error_policy__C
  00001304    00001304    00000004   00000004    r-- .const:ti_sysbios_rom_ROM_ti_sysbios_family_arm_cc26xx_Timer_getCount64__E
  00001308    00001308    00000004   00000004    r-- .const:ti_sysbios_rom_ROM_ti_sysbios_family_arm_cc26xx_Timer_getCurrentTick__E
  0000130c    0000130c    00000004   00000004    r-- .const:ti_sysbios_rom_ROM_ti_sysbios_family_arm_cc26xx_Timer_getMaxTicks__E
  00001310    00001310    00000004   00000004    r-- .const:ti_sysbios_rom_ROM_ti_sysbios_family_arm_cc26xx_Timer_initDevice__I
  00001314    00001314    00000004   00000004    r-- .const:ti_sysbios_rom_ROM_ti_sysbios_family_arm_cc26xx_Timer_setNextTick__E
  00001318    00001318    00000004   00000004    r-- .const:ti_sysbios_rom_ROM_ti_sysbios_family_arm_cc26xx_Timer_setThreshold__I
  0000131c    0000131c    00000004   00000004    r-- .const:ti_sysbios_rom_ROM_ti_sysbios_family_arm_cc26xx_Timer_start__E
  00001320    00001320    00000004   00000004    r-- .const:ti_sysbios_rom_ROM_ti_sysbios_family_arm_cc26xx_TimestampProvider_get32__E
  00001324    00001324    00000004   00000004    r-- .const:ti_sysbios_rom_ROM_xdc_runtime_Startup_getState__I
  00001328    00001328    00000004   00000004    r-- .const:ti_sysbios_rom_ROM_xdc_runtime_System_SupportProxy_abort__E
  0000132c    0000132c    00000004   00000004    r-- .const:ti_sysbios_rom_ROM_xdc_runtime_System_SupportProxy_exit__E
  00001330    00001330    0000ad38   0000ad38    r-x .text.2
  0000c068    0000c068    00000e46   00000e46    r-- .const
  0000ceb0    0000ceb0    00000090   00000090    r-- .rodata
  0000cf40    0000cf40    000004a4   000004a4    r-- .cinit
0001e000    0001e000    00001000   00001000    r--
  0001e000    0001e000    00001000   00001000    r-- .snvSectors
0001ffa8    0001ffa8    00000058   00000058    r--
  0001ffa8    0001ffa8    00000058   00000058    r-- .ccfg
20000100    20000100    000019d3   00000000    rw-
  20000100    20000100    00000044   00000000    rw- .data:ti_sysbios_knl_Task_Module__state__V
  20000144    20000144    00000034   00000000    rw- .data:ti_sysbios_family_arm_m3_Hwi_Module__state__V
  20000178    20000178    0000002c   00000000    rw- .data:ti_sysbios_knl_Clock_Module__state__V
  200001a4    200001a4    00000024   00000000    rw- .data:ti_sysbios_BIOS_Module__state__V
  200001c8    200001c8    0000001c   00000000    rw- .data:ti_sysbios_knl_Swi_Module__state__V
  200001e4    200001e4    00000008   00000000    rw- .data:ti_sysbios_family_arm_cc26xx_Timer_Module__state__V
  200001ec    200001ec    00000004   00000000    rw- .data:ti_sysbios_family_arm_cc26xx_TimestampProvider_Module__state__V
  200001f0    200001f0    00000008   00000000    rw- .data:xdc_runtime_Startup_Module__state__V
  200001f8    200001f8    00000008   00000000    rw- .data:xdc_runtime_System_Module__state__V
  20000200    20000200    00000004   00000000    rw- .data:xdc_runtime_Memory_Module__state__V
  20000204    20000204    00000002   00000000    rw- .data:xdc_runtime_Error_Module__state__V
  20000208    20000208    00001264   00000000    rw- .data
  20001470    20001470    00000663   00000000    rw- .bss
20004000    20004000    00000400   00000000    rw-
  20004000    20004000    00000400   00000000    rw- .stack


SECTION ALLOCATION MAP

 output                                  attributes/
section   page    origin      length       input sections
--------  ----  ----------  ----------   ----------------
.const:ti_sysbios_heaps_HeapMem_Module__FXNS__C 
*          0    00001000    00000028     
                  00001000    00000028     app_ble_pem3.oem3 (.const:ti_sysbios_heaps_HeapMem_Module__FXNS__C)

.const:ti_sysbios_gates_GateHwi_Module__FXNS__C 
*          0    00001028    00000024     
                  00001028    00000024     app_ble_pem3.oem3 (.const:ti_sysbios_gates_GateHwi_Module__FXNS__C)

.const:ti_sysbios_gates_GateMutex_Module__FXNS__C 
*          0    0000104c    00000024     
                  0000104c    00000024     app_ble_pem3.oem3 (.const:ti_sysbios_gates_GateMutex_Module__FXNS__C)

.const:ti_sysbios_family_arm_m3_Hwi_Object__DESC__C 
*          0    00001070    00000020     
                  00001070    00000020     app_ble_pem3.oem3 (.const:ti_sysbios_family_arm_m3_Hwi_Object__DESC__C)

.const:ti_sysbios_gates_GateHwi_Object__DESC__C 
*          0    00001090    00000020     
                  00001090    00000020     app_ble_pem3.oem3 (.const:ti_sysbios_gates_GateHwi_Object__DESC__C)

.const:ti_sysbios_gates_GateMutex_Object__DESC__C 
*          0    000010b0    00000020     
                  000010b0    00000020     app_ble_pem3.oem3 (.const:ti_sysbios_gates_GateMutex_Object__DESC__C)

.const:ti_sysbios_hal_Hwi_Object__DESC__C 
*          0    000010d0    00000020     
                  000010d0    00000020     app_ble_pem3.oem3 (.const:ti_sysbios_hal_Hwi_Object__DESC__C)

.const:ti_sysbios_heaps_HeapMem_Object__DESC__C 
*          0    000010f0    00000020     
                  000010f0    00000020     app_ble_pem3.oem3 (.const:ti_sysbios_heaps_HeapMem_Object__DESC__C)

.const:ti_sysbios_knl_Clock_Object__DESC__C 
*          0    00001110    00000020     
                  00001110    00000020     app_ble_pem3.oem3 (.const:ti_sysbios_knl_Clock_Object__DESC__C)

.const:ti_sysbios_knl_Event_Object__DESC__C 
*          0    00001130    00000020     
                  00001130    00000020     app_ble_pem3.oem3 (.const:ti_sysbios_knl_Event_Object__DESC__C)

.const:ti_sysbios_knl_Mailbox_Object__DESC__C 
*          0    00001150    00000020     
                  00001150    00000020     app_ble_pem3.oem3 (.const:ti_sysbios_knl_Mailbox_Object__DESC__C)

.const:ti_sysbios_knl_Queue_Object__DESC__C 
*          0    00001170    00000020     
                  00001170    00000020     app_ble_pem3.oem3 (.const:ti_sysbios_knl_Queue_Object__DESC__C)

.const:ti_sysbios_knl_Semaphore_Object__DESC__C 
*          0    00001190    00000020     
                  00001190    00000020     app_ble_pem3.oem3 (.const:ti_sysbios_knl_Semaphore_Object__DESC__C)

.const:ti_sysbios_knl_Swi_Object__DESC__C 
*          0    000011b0    00000020     
                  000011b0    00000020     app_ble_pem3.oem3 (.const:ti_sysbios_knl_Swi_Object__DESC__C)

.const:ti_sysbios_knl_Task_Object__DESC__C 
*          0    000011d0    00000020     
                  000011d0    00000020     app_ble_pem3.oem3 (.const:ti_sysbios_knl_Task_Object__DESC__C)

.const:ti_sysbios_knl_Idle_funcList__C 
*          0    000011f0    00000008     
                  000011f0    00000008     app_ble_pem3.oem3 (.const:ti_sysbios_knl_Idle_funcList__C)

.const:ti_sysbios_family_arm_cc26xx_Timer_startupNeeded__C 
*          0    000011f8    00000004     
                  000011f8    00000004     app_ble_pem3.oem3 (.const:ti_sysbios_family_arm_cc26xx_Timer_startupNeeded__C)

.const:ti_sysbios_family_arm_m3_Hwi_E_alreadyDefined__C 
*          0    000011fc    00000004     
                  000011fc    00000004     app_ble_pem3.oem3 (.const:ti_sysbios_family_arm_m3_Hwi_E_alreadyDefined__C)

.const:ti_sysbios_family_arm_m3_Hwi_E_hwiLimitExceeded__C 
*          0    00001200    00000004     
                  00001200    00000004     app_ble_pem3.oem3 (.const:ti_sysbios_family_arm_m3_Hwi_E_hwiLimitExceeded__C)

.const:ti_sysbios_family_arm_m3_Hwi_NUM_INTERRUPTS__C 
*          0    00001204    00000004     
                  00001204    00000004     app_ble_pem3.oem3 (.const:ti_sysbios_family_arm_m3_Hwi_NUM_INTERRUPTS__C)

.const:ti_sysbios_family_arm_m3_Hwi_Object__count__C 
*          0    00001208    00000004     
                  00001208    00000004     app_ble_pem3.oem3 (.const:ti_sysbios_family_arm_m3_Hwi_Object__count__C)

.const:ti_sysbios_family_arm_m3_Hwi_Object__table__C 
*          0    0000120c    00000004     
                  0000120c    00000004     app_ble_pem3.oem3 (.const:ti_sysbios_family_arm_m3_Hwi_Object__table__C)

.const:ti_sysbios_family_arm_m3_Hwi_ccr__C 
*          0    00001210    00000004     
                  00001210    00000004     app_ble_pem3.oem3 (.const:ti_sysbios_family_arm_m3_Hwi_ccr__C)

.const:ti_sysbios_family_arm_m3_Hwi_excHandlerFunc__C 
*          0    00001214    00000004     
                  00001214    00000004     app_ble_pem3.oem3 (.const:ti_sysbios_family_arm_m3_Hwi_excHandlerFunc__C)

.const:ti_sysbios_family_arm_m3_Hwi_nullIsrFunc__C 
*          0    00001218    00000004     
                  00001218    00000004     app_ble_pem3.oem3 (.const:ti_sysbios_family_arm_m3_Hwi_nullIsrFunc__C)

.const:ti_sysbios_family_arm_m3_Hwi_numSparseInterrupts__C 
*          0    0000121c    00000004     
                  0000121c    00000004     app_ble_pem3.oem3 (.const:ti_sysbios_family_arm_m3_Hwi_numSparseInterrupts__C)

.const:ti_sysbios_family_arm_m3_Hwi_priGroup__C 
*          0    00001220    00000004     
                  00001220    00000004     app_ble_pem3.oem3 (.const:ti_sysbios_family_arm_m3_Hwi_priGroup__C)

.const:ti_sysbios_family_arm_m3_TaskSupport_stackAlignment__C 
*          0    00001224    00000004     
                  00001224    00000004     app_ble_pem3.oem3 (.const:ti_sysbios_family_arm_m3_TaskSupport_stackAlignment__C)

.const:ti_sysbios_heaps_HeapMem_E_memory__C 
*          0    00001228    00000004     
                  00001228    00000004     app_ble_pem3.oem3 (.const:ti_sysbios_heaps_HeapMem_E_memory__C)

.const:ti_sysbios_heaps_HeapMem_Module__gateObj__C 
*          0    0000122c    00000004     
                  0000122c    00000004     app_ble_pem3.oem3 (.const:ti_sysbios_heaps_HeapMem_Module__gateObj__C)

.const:ti_sysbios_heaps_HeapMem_Object__count__C 
*          0    00001230    00000004     
                  00001230    00000004     app_ble_pem3.oem3 (.const:ti_sysbios_heaps_HeapMem_Object__count__C)

.const:ti_sysbios_heaps_HeapMem_Object__table__C 
*          0    00001234    00000004     
                  00001234    00000004     app_ble_pem3.oem3 (.const:ti_sysbios_heaps_HeapMem_Object__table__C)

.const:ti_sysbios_heaps_HeapMem_reqAlign__C 
*          0    00001238    00000004     
                  00001238    00000004     app_ble_pem3.oem3 (.const:ti_sysbios_heaps_HeapMem_reqAlign__C)

.const:ti_sysbios_knl_Clock_triggerClock__C 
*          0    0000123c    00000004     
                  0000123c    00000004     app_ble_pem3.oem3 (.const:ti_sysbios_knl_Clock_triggerClock__C)

.const:ti_sysbios_knl_Mailbox_Object__count__C 
*          0    00001240    00000004     
                  00001240    00000004     app_ble_pem3.oem3 (.const:ti_sysbios_knl_Mailbox_Object__count__C)

.const:ti_sysbios_knl_Mailbox_Object__table__C 
*          0    00001244    00000004     
                  00001244    00000004     app_ble_pem3.oem3 (.const:ti_sysbios_knl_Mailbox_Object__table__C)

.const:ti_sysbios_knl_Mailbox_maxTypeAlign__C 
*          0    00001248    00000004     
                  00001248    00000004     app_ble_pem3.oem3 (.const:ti_sysbios_knl_Mailbox_maxTypeAlign__C)

.const:ti_sysbios_knl_Queue_Object__count__C 
*          0    0000124c    00000004     
                  0000124c    00000004     app_ble_pem3.oem3 (.const:ti_sysbios_knl_Queue_Object__count__C)

.const:ti_sysbios_knl_Queue_Object__table__C 
*          0    00001250    00000004     
                  00001250    00000004     app_ble_pem3.oem3 (.const:ti_sysbios_knl_Queue_Object__table__C)

.const:ti_sysbios_knl_Semaphore_eventPost__C 
*          0    00001254    00000004     
                  00001254    00000004     app_ble_pem3.oem3 (.const:ti_sysbios_knl_Semaphore_eventPost__C)

.const:ti_sysbios_knl_Semaphore_eventSync__C 
*          0    00001258    00000004     
                  00001258    00000004     app_ble_pem3.oem3 (.const:ti_sysbios_knl_Semaphore_eventSync__C)

.const:ti_sysbios_knl_Swi_Object__count__C 
*          0    0000125c    00000004     
                  0000125c    00000004     app_ble_pem3.oem3 (.const:ti_sysbios_knl_Swi_Object__count__C)

.const:ti_sysbios_knl_Swi_Object__table__C 
*          0    00001260    00000004     
                  00001260    00000004     app_ble_pem3.oem3 (.const:ti_sysbios_knl_Swi_Object__table__C)

.const:ti_sysbios_knl_Swi_numPriorities__C 
*          0    00001264    00000004     
                  00001264    00000004     app_ble_pem3.oem3 (.const:ti_sysbios_knl_Swi_numPriorities__C)

.const:ti_sysbios_knl_Task_Object__count__C 
*          0    00001268    00000004     
                  00001268    00000004     app_ble_pem3.oem3 (.const:ti_sysbios_knl_Task_Object__count__C)

.const:ti_sysbios_knl_Task_Object__table__C 
*          0    0000126c    00000004     
                  0000126c    00000004     app_ble_pem3.oem3 (.const:ti_sysbios_knl_Task_Object__table__C)

.const:ti_sysbios_knl_Task_allBlockedFunc__C 
*          0    00001270    00000004     
                  00001270    00000004     app_ble_pem3.oem3 (.const:ti_sysbios_knl_Task_allBlockedFunc__C)

.const:ti_sysbios_knl_Task_defaultStackHeap__C 
*          0    00001274    00000004     
                  00001274    00000004     app_ble_pem3.oem3 (.const:ti_sysbios_knl_Task_defaultStackHeap__C)

.const:ti_sysbios_knl_Task_defaultStackSize__C 
*          0    00001278    00000004     
                  00001278    00000004     app_ble_pem3.oem3 (.const:ti_sysbios_knl_Task_defaultStackSize__C)

.const:ti_sysbios_knl_Task_numConstructedTasks__C 
*          0    0000127c    00000004     
                  0000127c    00000004     app_ble_pem3.oem3 (.const:ti_sysbios_knl_Task_numConstructedTasks__C)

.const:ti_sysbios_family_arm_cc26xx_Timer_Module__id__C 
*          0    00001280    00000002     
                  00001280    00000002     app_ble_pem3.oem3 (.const:ti_sysbios_family_arm_cc26xx_Timer_Module__id__C)

.const:ti_sysbios_family_arm_cc26xx_TimestampProvider_useClockTimer__C 
*          0    00001282    00000002     
                  00001282    00000002     app_ble_pem3.oem3 (.const:ti_sysbios_family_arm_cc26xx_TimestampProvider_useClockTimer__C)

.const:ti_sysbios_family_arm_m3_Hwi_Module__id__C 
*          0    00001284    00000002     
                  00001284    00000002     app_ble_pem3.oem3 (.const:ti_sysbios_family_arm_m3_Hwi_Module__id__C)

.const:ti_sysbios_gates_GateHwi_Module__id__C 
*          0    00001286    00000002     
                  00001286    00000002     app_ble_pem3.oem3 (.const:ti_sysbios_gates_GateHwi_Module__id__C)

.const:ti_sysbios_gates_GateMutex_Module__id__C 
*          0    00001288    00000002     
                  00001288    00000002     app_ble_pem3.oem3 (.const:ti_sysbios_gates_GateMutex_Module__id__C)

.const:ti_sysbios_heaps_HeapMem_Module__id__C 
*          0    0000128a    00000002     
                  0000128a    00000002     app_ble_pem3.oem3 (.const:ti_sysbios_heaps_HeapMem_Module__id__C)

.const:ti_sysbios_knl_Task_initStackFlag__C 
*          0    0000128c    00000002     
                  0000128c    00000002     app_ble_pem3.oem3 (.const:ti_sysbios_knl_Task_initStackFlag__C)

.const:ti_sysbios_knl_Clock_tickMode__C 
*          0    0000128e    00000001     
                  0000128e    00000001     app_ble_pem3.oem3 (.const:ti_sysbios_knl_Clock_tickMode__C)

.const:xdc_runtime_Startup_firstFxns__C 
*          0    00001290    00000008     
                  00001290    00000008     app_ble_pem3.oem3 (.const:xdc_runtime_Startup_firstFxns__C)

.const:xdc_runtime_Startup_lastFxns__C 
*          0    00001298    00000008     
                  00001298    00000008     app_ble_pem3.oem3 (.const:xdc_runtime_Startup_lastFxns__C)

.const:xdc_runtime_Assert_E_assertFailed__C 
*          0    000012a0    00000004     
                  000012a0    00000004     app_ble_pem3.oem3 (.const:xdc_runtime_Assert_E_assertFailed__C)

.const:xdc_runtime_Error_E_memory__C 
*          0    000012a4    00000004     
                  000012a4    00000004     app_ble_pem3.oem3 (.const:xdc_runtime_Error_E_memory__C)

.const:xdc_runtime_Error_policyFxn__C 
*          0    000012a8    00000004     
                  000012a8    00000004     app_ble_pem3.oem3 (.const:xdc_runtime_Error_policyFxn__C)

.const:xdc_runtime_Error_raiseHook__C 
*          0    000012ac    00000004     
                  000012ac    00000004     app_ble_pem3.oem3 (.const:xdc_runtime_Error_raiseHook__C)

.const:xdc_runtime_IGateProvider_Interface__BASE__C 
*          0    000012b0    00000004     
                  000012b0    00000004     app_ble_pem3.oem3 (.const:xdc_runtime_IGateProvider_Interface__BASE__C)

.const:xdc_runtime_IHeap_Interface__BASE__C 
*          0    000012b4    00000004     
                  000012b4    00000004     app_ble_pem3.oem3 (.const:xdc_runtime_IHeap_Interface__BASE__C)

.const:xdc_runtime_IModule_Interface__BASE__C 
*          0    000012b8    00000004     
                  000012b8    00000004     app_ble_pem3.oem3 (.const:xdc_runtime_IModule_Interface__BASE__C)

.const:xdc_runtime_Memory_defaultHeapInstance__C 
*          0    000012bc    00000004     
                  000012bc    00000004     app_ble_pem3.oem3 (.const:xdc_runtime_Memory_defaultHeapInstance__C)

.const:xdc_runtime_Startup_execImpl__C 
*          0    000012c0    00000004     
                  000012c0    00000004     app_ble_pem3.oem3 (.const:xdc_runtime_Startup_execImpl__C)

.const:xdc_runtime_Startup_maxPasses__C 
*          0    000012c4    00000004     
                  000012c4    00000004     app_ble_pem3.oem3 (.const:xdc_runtime_Startup_maxPasses__C)

.const:xdc_runtime_Startup_sfxnRts__C 
*          0    000012c8    00000004     
                  000012c8    00000004     app_ble_pem3.oem3 (.const:xdc_runtime_Startup_sfxnRts__C)

.const:xdc_runtime_Startup_sfxnTab__C 
*          0    000012cc    00000004     
                  000012cc    00000004     app_ble_pem3.oem3 (.const:xdc_runtime_Startup_sfxnTab__C)

.const:xdc_runtime_Startup_startModsFxn__C 
*          0    000012d0    00000004     
                  000012d0    00000004     app_ble_pem3.oem3 (.const:xdc_runtime_Startup_startModsFxn__C)

.const:xdc_runtime_SysCallback_abortFxn__C 
*          0    000012d4    00000004     
                  000012d4    00000004     app_ble_pem3.oem3 (.const:xdc_runtime_SysCallback_abortFxn__C)

.const:xdc_runtime_SysCallback_exitFxn__C 
*          0    000012d8    00000004     
                  000012d8    00000004     app_ble_pem3.oem3 (.const:xdc_runtime_SysCallback_exitFxn__C)

.const:xdc_runtime_System_abortFxn__C 
*          0    000012dc    00000004     
                  000012dc    00000004     app_ble_pem3.oem3 (.const:xdc_runtime_System_abortFxn__C)

.const:xdc_runtime_System_exitFxn__C 
*          0    000012e0    00000004     
                  000012e0    00000004     app_ble_pem3.oem3 (.const:xdc_runtime_System_exitFxn__C)

.const:xdc_runtime_System_maxAtexitHandlers__C 
*          0    000012e4    00000004     
                  000012e4    00000004     app_ble_pem3.oem3 (.const:xdc_runtime_System_maxAtexitHandlers__C)

.const:xdc_runtime_Text_charTab__C 
*          0    000012e8    00000004     
                  000012e8    00000004     app_ble_pem3.oem3 (.const:xdc_runtime_Text_charTab__C)

.const:xdc_runtime_Text_nameEmpty__C 
*          0    000012ec    00000004     
                  000012ec    00000004     app_ble_pem3.oem3 (.const:xdc_runtime_Text_nameEmpty__C)

.const:xdc_runtime_Text_nameStatic__C 
*          0    000012f0    00000004     
                  000012f0    00000004     app_ble_pem3.oem3 (.const:xdc_runtime_Text_nameStatic__C)

.const:xdc_runtime_Text_nameUnknown__C 
*          0    000012f4    00000004     
                  000012f4    00000004     app_ble_pem3.oem3 (.const:xdc_runtime_Text_nameUnknown__C)

.const:xdc_runtime_Error_maxDepth__C 
*          0    000012f8    00000002     
                  000012f8    00000002     app_ble_pem3.oem3 (.const:xdc_runtime_Error_maxDepth__C)

.const:xdc_runtime_Memory_Module__id__C 
*          0    000012fa    00000002     
                  000012fa    00000002     app_ble_pem3.oem3 (.const:xdc_runtime_Memory_Module__id__C)

.const:xdc_runtime_Text_charCnt__C 
*          0    000012fc    00000002     
                  000012fc    00000002     app_ble_pem3.oem3 (.const:xdc_runtime_Text_charCnt__C)

.const:xdc_runtime_Text_isLoaded__C 
*          0    000012fe    00000002     
                  000012fe    00000002     app_ble_pem3.oem3 (.const:xdc_runtime_Text_isLoaded__C)

.const:xdc_runtime_Error_policy__C 
*          0    00001300    00000001     
                  00001300    00000001     app_ble_pem3.oem3 (.const:xdc_runtime_Error_policy__C)

.const:ti_sysbios_rom_ROM_ti_sysbios_family_arm_cc26xx_Timer_getCount64__E 
*          0    00001304    00000004     
                  00001304    00000004     app_ble_pem3.oem3 (.const:ti_sysbios_rom_ROM_ti_sysbios_family_arm_cc26xx_Timer_getCount64__E)

.const:ti_sysbios_rom_ROM_ti_sysbios_family_arm_cc26xx_Timer_getCurrentTick__E 
*          0    00001308    00000004     
                  00001308    00000004     app_ble_pem3.oem3 (.const:ti_sysbios_rom_ROM_ti_sysbios_family_arm_cc26xx_Timer_getCurrentTick__E)

.const:ti_sysbios_rom_ROM_ti_sysbios_family_arm_cc26xx_Timer_getMaxTicks__E 
*          0    0000130c    00000004     
                  0000130c    00000004     app_ble_pem3.oem3 (.const:ti_sysbios_rom_ROM_ti_sysbios_family_arm_cc26xx_Timer_getMaxTicks__E)

.const:ti_sysbios_rom_ROM_ti_sysbios_family_arm_cc26xx_Timer_initDevice__I 
*          0    00001310    00000004     
                  00001310    00000004     app_ble_pem3.oem3 (.const:ti_sysbios_rom_ROM_ti_sysbios_family_arm_cc26xx_Timer_initDevice__I)

.const:ti_sysbios_rom_ROM_ti_sysbios_family_arm_cc26xx_Timer_setNextTick__E 
*          0    00001314    00000004     
                  00001314    00000004     app_ble_pem3.oem3 (.const:ti_sysbios_rom_ROM_ti_sysbios_family_arm_cc26xx_Timer_setNextTick__E)

.const:ti_sysbios_rom_ROM_ti_sysbios_family_arm_cc26xx_Timer_setThreshold__I 
*          0    00001318    00000004     
                  00001318    00000004     app_ble_pem3.oem3 (.const:ti_sysbios_rom_ROM_ti_sysbios_family_arm_cc26xx_Timer_setThreshold__I)

.const:ti_sysbios_rom_ROM_ti_sysbios_family_arm_cc26xx_Timer_start__E 
*          0    0000131c    00000004     
                  0000131c    00000004     app_ble_pem3.oem3 (.const:ti_sysbios_rom_ROM_ti_sysbios_family_arm_cc26xx_Timer_start__E)

.const:ti_sysbios_rom_ROM_ti_sysbios_family_arm_cc26xx_TimestampProvider_get32__E 
*          0    00001320    00000004     
                  00001320    00000004     app_ble_pem3.oem3 (.const:ti_sysbios_rom_ROM_ti_sysbios_family_arm_cc26xx_TimestampProvider_get32__E)

.const:ti_sysbios_rom_ROM_xdc_runtime_Startup_getState__I 
*          0    00001324    00000004     
                  00001324    00000004     app_ble_pem3.oem3 (.const:ti_sysbios_rom_ROM_xdc_runtime_Startup_getState__I)

.const:ti_sysbios_rom_ROM_xdc_runtime_System_SupportProxy_abort__E 
*          0    00001328    00000004     
                  00001328    00000004     app_ble_pem3.oem3 (.const:ti_sysbios_rom_ROM_xdc_runtime_System_SupportProxy_abort__E)

.const:ti_sysbios_rom_ROM_xdc_runtime_System_SupportProxy_exit__E 
*          0    0000132c    00000004     
                  0000132c    00000004     app_ble_pem3.oem3 (.const:ti_sysbios_rom_ROM_xdc_runtime_System_SupportProxy_exit__E)

.data:ti_sysbios_knl_Task_Module__state__V 
*          0    20000100    00000044     UNINITIALIZED
                  20000100    00000044     app_ble_pem3.oem3 (.data:ti_sysbios_knl_Task_Module__state__V)

.data:ti_sysbios_family_arm_m3_Hwi_Module__state__V 
*          0    20000144    00000034     UNINITIALIZED
                  20000144    00000034     app_ble_pem3.oem3 (.data:ti_sysbios_family_arm_m3_Hwi_Module__state__V)

.data:ti_sysbios_knl_Clock_Module__state__V 
*          0    20000178    0000002c     UNINITIALIZED
                  20000178    0000002c     app_ble_pem3.oem3 (.data:ti_sysbios_knl_Clock_Module__state__V)

.data:ti_sysbios_BIOS_Module__state__V 
*          0    200001a4    00000024     UNINITIALIZED
                  200001a4    00000024     app_ble_pem3.oem3 (.data:ti_sysbios_BIOS_Module__state__V)

.data:ti_sysbios_knl_Swi_Module__state__V 
*          0    200001c8    0000001c     UNINITIALIZED
                  200001c8    0000001c     app_ble_pem3.oem3 (.data:ti_sysbios_knl_Swi_Module__state__V)

.data:ti_sysbios_family_arm_cc26xx_Timer_Module__state__V 
*          0    200001e4    00000008     UNINITIALIZED
                  200001e4    00000008     app_ble_pem3.oem3 (.data:ti_sysbios_family_arm_cc26xx_Timer_Module__state__V)

.data:ti_sysbios_family_arm_cc26xx_TimestampProvider_Module__state__V 
*          0    200001ec    00000004     UNINITIALIZED
                  200001ec    00000004     app_ble_pem3.oem3 (.data:ti_sysbios_family_arm_cc26xx_TimestampProvider_Module__state__V)

.data:xdc_runtime_Startup_Module__state__V 
*          0    200001f0    00000008     UNINITIALIZED
                  200001f0    00000008     app_ble_pem3.oem3 (.data:xdc_runtime_Startup_Module__state__V)

.data:xdc_runtime_System_Module__state__V 
*          0    200001f8    00000008     UNINITIALIZED
                  200001f8    00000008     app_ble_pem3.oem3 (.data:xdc_runtime_System_Module__state__V)

.data:xdc_runtime_Memory_Module__state__V 
*          0    20000200    00000004     UNINITIALIZED
                  20000200    00000004     app_ble_pem3.oem3 (.data:xdc_runtime_Memory_Module__state__V)

.data:xdc_runtime_Error_Module__state__V 
*          0    20000204    00000002     UNINITIALIZED
                  20000204    00000002     app_ble_pem3.oem3 (.data:xdc_runtime_Error_Module__state__V)

.bootVecs 
*          0    00000000    00000008     DSECT
                  00000000    00000008     boot.aem3 : boot.oem3 (.bootVecs)

.resetVecs 
*          0    00000000    0000003c     
                  00000000    0000003c     app_ble_pem3.oem3 (.resetVecs)

.vecs      0    20000000    000000c8     NOLOAD SECTION
                  20000000    000000c8     app_ble_pem3.oem3 (.vecs)

xdc.meta   0    00000000    00000106     COPY SECTION
                  00000000    00000106     app_ble_pem3.oem3 (xdc.meta)

xdc.noload 
*          0    00000000    00000000     COPY SECTION

.cinit     0    0000cf40    000004a4     
                  0000cf40    00000360     (.cinit..data.load) [load image, compression = lzss]
                  0000d2a0    00000029     (.cinit..data:ti_sysbios_family_arm_m3_Hwi_Module__state__V.load) [load image, compression = lzss]
                  0000d2c9    00000021     (.cinit..data:ti_sysbios_knl_Task_Module__state__V.load) [load image, compression = lzss]
                  0000d2ea    0000001f     (.cinit..data:ti_sysbios_BIOS_Module__state__V.load) [load image, compression = lzss]
                  0000d309    0000001d     (.cinit..data:ti_sysbios_knl_Clock_Module__state__V.load) [load image, compression = lzss]
                  0000d326    0000000e     (.cinit..data:ti_sysbios_knl_Swi_Module__state__V.load) [load image, compression = lzss]
                  0000d334    0000000c     (__TI_handler_table)
                  0000d340    0000000b     (.cinit..data:ti_sysbios_family_arm_cc26xx_Timer_Module__state__V.load) [load image, compression = lzss]
                  0000d34b    00000005     --HOLE-- [fill = 0]
                  0000d350    00000008     (.cinit..bss.load) [load image, compression = zero_init]
                  0000d358    00000008     (.cinit..data:xdc_runtime_Memory_Module__state__V.load) [load image, compression = lzss]
                  0000d360    00000007     (.cinit..data:ti_sysbios_family_arm_cc26xx_TimestampProvider_Module__state__V.load) [load image, compression = lzss]
                  0000d367    00000007     (.cinit..data:xdc_runtime_Startup_Module__state__V.load) [load image, compression = lzss]
                  0000d36e    00000007     (.cinit..data:xdc_runtime_System_Module__state__V.load) [load image, compression = lzss]
                  0000d375    00000006     (.cinit..data:xdc_runtime_Error_Module__state__V.load) [load image, compression = lzss]
                  0000d37b    00000001     --HOLE-- [fill = 0]
                  0000d37c    00000068     (__TI_cinit_table)

.init_array 
*          0    00000000    00000000     UNINITIALIZED

.snvSectors 
*          0    0001e000    00001000     
                  0001e000    00001000     heart_rate_cc2640r2lp_stack_library.lib : osal_snv_wrapper.obj (.snvSectors:retain)

.ccfg      0    0001ffa8    00000058     
                  0001ffa8    00000058     ccfg_app_ble.obj (.ccfg:retain)

.data      0    20000208    00001264     UNINITIALIZED
                  20000208    00000378     heart_rate.obj (.data:$O2$$)
                  20000580    00000340     peripheral.obj (.data:$O13$$)
                  200008c0    000001d4     devinfoservice.obj (.data:$O10$$)
                  20000a94    00000174     heart_rate_cc2640r2lp_stack_library.lib : gapbondmgr.obj (.data:$O20$$)
                  20000c08    00000114     drivers_cc26x0r2.aem3 : PINCC26XX.oem3 (.data:$O1$$)
                  20000d1c    00000114                           : PowerCC26XX.oem3 (.data:PowerCC26XX_module)
                  20000e30    0000009c     icall.obj (.data:$O6$$)
                  20000ecc    0000008c     heartrateservice.obj (.data:$O12$$)
                  20000f58    0000007c     heart_rate_cc2640r2lp_stack_library.lib : osal_cbtimer.obj (.data:$O22$$)
                  20000fd4    00000078     battservice.obj (.data:$O9$$)
                  2000104c    00000070     cc26xx_profiles_pxxx.a : gapgattserver.o (.data)
                  200010bc    0000004c     app_ble_pem3.oem3 (.data:ti_sysbios_knl_Task_Object__table__V)
                  20001108    00000048     board_key.obj (.data:$O1$$)
                  20001150    00000048     app_ble_pem3.oem3 (.data:ti_sysbios_family_arm_cc26xx_Timer_Object__table__V)
                  20001198    00000038     app_ble_pem3.oem3 (.data:ti_sysbios_gates_GateMutex_Object__table__V)
                  200011d0    00000030     cc2640_ll_pxxx_ext_scan_ext_adv.a : ll_config.o (.data)
                  20001200    00000030     app_ble_pem3.oem3 (.data:ti_sysbios_knl_Swi_Module_State_0_readyQ__A)
                  20001230    00000030     app_ble_pem3.oem3 (.data:ti_sysbios_knl_Swi_Object__table__V)
                  20001260    00000030     app_ble_pem3.oem3 (.data:ti_sysbios_knl_Task_Module_State_0_readyQ__A)
                  20001290    0000002c     heart_rate_cc2640r2lp_stack_library.lib : osal.obj (.data:$O16$$)
                  200012bc    00000024     cc26xx_profiles_pxxx.a : gapgattserver.o (.data)
                  200012e0    00000020     app_ble_pem3.oem3 (.data:ti_sysbios_knl_Clock_Object__table__V)
                  20001300    00000020     app_ble_pem3.oem3 (.data:xdc_runtime_Error_IgnoreBlock)
                  20001320    00000018     app_ble_pem3.oem3 (.data:ti_sysbios_family_arm_m3_Hwi_Object__table__V)
                  20001338    00000010     icall_user_config.obj (.data:bleAppServiceInfoTable)
                  20001348    00000010     cc26xx_profiles_pxxx.a : gattservapp.o (.data)
                  20001358    00000010     icall_api_lite.obj (.data)
                  20001368    00000010     ble_user_config.obj (.data:rfRegTbl)
                  20001378    00000010     main.obj (.data:user0Cfg)
                  20001388    0000000c     app_ble_pem3.oem3 (.data:ti_sysbios_heaps_HeapCallback_Object__table__V)
                  20001394    00000009     devinfoservice.obj (.data)
                  2000139d    00000001     TRNGCC26XX.obj (.data)
                  2000139e    00000002     app_ble_pem3.oem3 (.data:ti_sysbios_family_arm_m3_Hwi_Module_State_0_excActive__A)
                  200013a0    00000008     heart_rate_cc2640r2lp_stack_library.lib : hal_assert.obj (.data:$O15$$)
                  200013a8    00000008                                             : osal_clock.obj (.data:$O23$$)
                  200013b0    00000008     rtsv7M3_T_le_eabi.lib : _lock.c.obj (.data:$O24$$)
                  200013b8    00000008     ECCROMCC26XX.obj (.data:$O4$$)
                  200013c0    00000008     icall_cc2650.obj (.data:$O8$$)
                  200013c8    00000008     battservice.obj (.data:battLevelPresentation$11)
                  200013d0    00000008     cc2640_ll_pxxx_ext_scan_ext_adv.a : ll_data.o (.data)
                  200013d8    00000008     app_ble_pem3.oem3 (.data:ti_sysbios_family_arm_m3_Hwi_Module__root__V)
                  200013e0    00000008     app_ble_pem3.oem3 (.data:ti_sysbios_gates_GateHwi_Module__root__V)
                  200013e8    00000008     app_ble_pem3.oem3 (.data:ti_sysbios_gates_GateMutex_Module__root__V)
                  200013f0    00000008     app_ble_pem3.oem3 (.data:ti_sysbios_hal_Hwi_Module__root__V)
                  200013f8    00000008     app_ble_pem3.oem3 (.data:ti_sysbios_heaps_HeapCallback_Module__root__V)
                  20001400    00000008     app_ble_pem3.oem3 (.data:ti_sysbios_heaps_HeapMem_Module__root__V)
                  20001408    00000008     app_ble_pem3.oem3 (.data:ti_sysbios_knl_Clock_Module__root__V)
                  20001410    00000008     app_ble_pem3.oem3 (.data:ti_sysbios_knl_Event_Module__root__V)
                  20001418    00000008     app_ble_pem3.oem3 (.data:ti_sysbios_knl_Mailbox_Module__root__V)
                  20001420    00000008     app_ble_pem3.oem3 (.data:ti_sysbios_knl_Queue_Module__root__V)
                  20001428    00000008     app_ble_pem3.oem3 (.data:ti_sysbios_knl_Semaphore_Module__root__V)
                  20001430    00000008     app_ble_pem3.oem3 (.data:ti_sysbios_knl_Swi_Module__root__V)
                  20001438    00000008     app_ble_pem3.oem3 (.data:ti_sysbios_knl_Task_Module__root__V)
                  20001440    00000004     heart_rate_cc2640r2lp_stack_library.lib : osal_pwrmgr.obj (.data:$O17$$)
                  20001444    00000004                                             : osal_snv_wrapper.obj (.data:$O18$$)
                  20001448    00000004     ble_user_config.obj (.data)
                  2000144c    00000004     heart_rate_cc2640r2lp_stack_library.lib : ble_user_config.obj (.data)
                  20001450    00000004                                             : osal_bufmgr.obj (.data)
                  20001454    00000004     heartrateservice.obj (.data)
                  20001458    00000004     rtsv7M3_T_le_eabi.lib : stkdepth_vars.c.obj (.data)
                  2000145c    00000004     app_ble_pem3.oem3 (.data:ti_sysbios_family_arm_m3_Hwi_Module_State_0_excContext__A)
                  20001460    00000004     app_ble_pem3.oem3 (.data:ti_sysbios_family_arm_m3_Hwi_Module_State_0_excStack__A)
                  20001464    00000004     app_ble_pem3.oem3 (.data:ti_sysbios_knl_Task_Module_State_0_idleTask__A)
                  20001468    00000001     battservice.obj (.data)
                  20001469    00000001     cc26xx_profiles_pxxx.a : gapgattserver.o (.data)
                  2000146a    00000001                            : gapgattserver.o (.data)
                  2000146b    00000001                            : gapgattserver.o (.data)

.bss       0    20001470    00000663     UNINITIALIZED
                  20001470    000002a8     RFCC26XX_singleMode.obj (.bss:$O5$$)
                  20001718    00000200     app_ble_pem3.oem3 (.bss:taskStackSection)
                  20001918    000000c8     (.common:ti_sysbios_family_arm_m3_Hwi_dispatchTable)
                  200019e0    00000080     (.common:cryptoCC26XXObjects)
                  20001a60    0000001c     drivers_cc26x0r2.aem3 : CryptoCC26XX.oem3 (.bss:CryptoSem)
                  20001a7c    00000014     driverlib.lib : osc.obj (.bss:oscHfGlobals$62)
                  20001a90    0000000c     heart_rate_cc2640r2lp_stack_library.lib : osal_timers.obj (.bss:$O19$$)
                  20001a9c    0000000c     cc2640_ll_pxxx_ext_scan_ext_adv.a : ll_scheduler.o (.bss)
                  20001aa8    00000008     dpl_cc26x0r2.aem3 : PowerCC26XX_tirtos.oem3 (.bss:$O1$$)
                  20001ab0    00000008     driverlib.lib : sys_ctrl.obj (.bss:powerQualGlobals$64)
                  20001ab8    00000004     cc26xx_profiles_pxxx.a : gapgattserver.o (.bss)
                  20001abc    00000004     (.common:ClockP_tickPeriod)
                  20001ac0    00000004     (.common:tasksEvents)
                  20001ac4    00000004     (.common:trngCC26XXObjects)
                  20001ac8    00000002     RFCC26XX_singleMode.obj (.bss)
                  20001aca    00000001     cc2640_hci_tl_ext_scan_ext_adv_none.a : hci_tl.o (.bss)
                  20001acb    00000001                                           : hci_tl.o (.bss)
                  20001acc    00000001                                           : hci_tl.o (.bss)
                  20001acd    00000001                                           : hci_tl.o (.bss)
                  20001ace    00000001                                           : hci_tl.o (.bss)
                  20001acf    00000001     cc2640_ll_pxxx_ext_scan_ext_adv.a : ll.o (.bss)
                  20001ad0    00000001     (.common:driverlib_release_0_49664)
                  20001ad1    00000001     (.common:g_hwiInt)
                  20001ad2    00000001     (.common:icall_liteTaskId)

.vtable    0    20001ad3    00000000     UNINITIALIZED

.vtable_ram 
*          0    20001ad3    00000000     UNINITIALIZED

vtable_ram 
*          0    20001ad3    00000000     UNINITIALIZED

.sysmem    0    20001ad3    00000000     UNINITIALIZED

.nonretenvar 
*          0    20001ad3    00000000     UNINITIALIZED

.stack     0    20004000    00000400     UNINITIALIZED
                  20004000    00000400     --HOLE--

.text.1    0    0000003c    00000fc4     
                  0000003c    000006d4     heart_rate.obj (.text:HeartRate_taskFxn$1)
                  00000710    00000008     (.tramp.ti_sysbios_knl_Queue_construct.1)
                  00000718    00000008     (.tramp.ti_sysbios_knl_Event_pend__E.1)
                  00000720    00000008     ble_r2.symbols (.tramp.GATT_bm_free.1)
                  00000728    00000008     (.tramp.ti_sysbios_knl_Queue_get__E.1)
                  00000730    00000008     (.tramp.ti_sysbios_knl_Queue_empty__E.1)
                  00000738    00000008     ble_r2.symbols (.tramp.GATT_bm_alloc.1)
                  00000740    000005c0     cc2640_ll_pxxx_ext_scan_ext_adv.a : ll.o (.text)
                  00000d00    00000008     ble_r2.symbols (.tramp.LL_ENC_GenerateTrueRandNum.1)
                  00000d08    00000008     ble_r2.symbols (.tramp.LL_PRIV_GenerateRSA.1)
                  00000d10    00000008     ble_r2.symbols (.tramp.LL_ENC_Init.1)
                  00000d18    00000294     peripheral.obj (.text:GAPRole_SetParameter)
                  00000fac    00000054     RFCC26XX_singleMode.obj (.text:cmdDispatchTime$4)

.text.2    0    00001330    0000ad38     
                  00001330    00000570     peripheral.obj (.text:gapRole_taskFxn$16)
                  000018a0    00000464     heart_rate_cc2640r2lp_stack_library.lib : icall_startup.obj (.text:startup_entry)
                  00001d04    00000340     RFCC26XX_singleMode.obj (.text:fsmActiveState$4)
                  00002044    00000314     drivers_cc26x0r2.aem3 : PowerCC26XX_calibrateRCOSC.oem3 (.text:PowerCC26XX_auxISR)
                  00002358    00000300     cc2640_ll_pxxx_ext_scan_ext_adv.a : ll_scheduler.o (.text)
                  00002658    000002e4                                       : ll.o (.text)
                  0000293c    00000258     drivers_cc26x0r2.aem3 : CryptoCC26XX.oem3 (.text:cryptoTransactionExecute)
                  00002b94    00000244                           : PowerCC26XX.oem3 (.text:Power_sleep)
                  00002dd8    00000238     cc26xx_profiles_pxxx.a : gapgattserver.o (.text)
                  00003010    0000022c     heart_rate_cc2640r2lp_stack_library.lib : gapbondmgr.obj (.text:GAPBondMgr_SetParameter)
                  0000323c    00000220     driverlib.lib : sys_ctrl.obj (.text:NOROM_SysCtrlSetRechargeBeforePowerDown)
                  0000345c    00000220     cc2640_ll_pxxx_ext_scan_ext_adv.a : ll_isr.o (.text)
                  0000367c    0000021c     RFCC26XX_singleMode.obj (.text:RF_open)
                  00003898    00000214     cc2640_ll_pxxx_ext_scan_ext_adv.a : ll_common.o (.text)
                  00003aac    00000204     cc26xx_profiles_pxxx.a : gattservapp.o (.text)
                  00003cb0    00000204     cc26xx_sm_pxxx.a : sm_pairing.o (.text)
                  00003eb4    000001e4     heart_rate_cc2640r2lp_stack_library.lib : gapbondmgr.obj (.text:GAPBondMgr_ProcessGAPMsg)
                  00004098    000001dc     RFCC26XX_singleMode.obj (.text:fsmSetupState$4)
                  00004274    000001d0     heart_rate_cc2640r2lp_stack_library.lib : gapbondmgr.obj (.text:gapBondMgrAddBond$31)
                  00004444    000001c4     cc2640_ll_pxxx_ext_scan_ext_adv.a : ll_isr.o (.text)
                  00004608    000001bc     drivers_cc26x0r2.aem3 : PINCC26XX.oem3 (.text:PIN_init)
                  000047c4    000001ac     RFCC26XX_singleMode.obj (.text:hwiFxnCpe0Active$4)
                  00004970    000001a8     cc2640_ll_pxxx_ext_scan_ext_adv.a : ll_isr.o (.text)
                  00004b18    00000194     ECCROMCC26XX.obj (.text:ECCROMCC26XX_genDHKey)
                  00004cac    00000190     drivers_cc26x0r2.aem3 : PowerCC26XX_calibrateRCOSC.oem3 (.text:PowerCC26XX_doCalibrate)
                  00004e3c    00000190     heart_rate_cc2640r2lp_stack_library.lib : gapbondmgr.obj (.text:gapBondMgrAuthenticate$31)
                  00004fcc    00000190     icall.obj (.text:icall_directAPI)
                  0000515c    00000170     cc2640_ll_pxxx_ext_scan_ext_adv.a : ll.o (.text)
                  000052cc    00000150     heart_rate_cc2640r2lp_stack_library.lib : gapbondmgr.obj (.text:GAPBondMgr_ProcessEvent)
                  0000541c    0000012c     drivers_cc26x0r2.aem3 : PowerCC26XX.oem3 (.text:Power_init)
                  00005548    00000128     ECCROMCC26XX.obj (.text:ECCROMCC26XX_genKeys)
                  00005670    00000128     cc2640_ll_pxxx_ext_scan_ext_adv.a : ll_scheduler.o (.text)
                  00005798    00000124     peripheral.obj (.text:GAPRole_GetParameter)
                  000058bc    00000124     heart_rate_cc2640r2lp_stack_library.lib : gapbondmgr.obj (.text:gapBondMgrEraseBonding$31)
                  000059e0    00000114                                             : osal_snv_wrapper.obj (.text:compactPage$28)
                  00005af4    00000112     cc26xx_gatt_pxxx.a : gatt_server.o (.text)
                  00005c06    00000002     ble_user_config.obj (.text:DefaultAssertCback)
                  00005c08    00000100     RFCC26XX_singleMode.obj (.text:radioOpDoneCb$4)
                  00005d08    000000fc     RFCC26XX_singleMode.obj (.text:RF_postCmd)
                  00005e04    000000f8     heart_rate_cc2640r2lp_stack_library.lib : osal_snv_wrapper.obj (.text:osal_snv_write)
                  00005efc    000000ec                                             : gapbondmgr.obj (.text:GAPBondMgr_LinkEst)
                  00005fe8    000000ec     RFCC26XX_singleMode.obj (.text:RF_pendCmd)
                  000060d4    000000ec     cc26xx_profiles_pxxx.a : gattservapp.o (.text)
                  000061c0    000000ec     RFCC26XX_singleMode.obj (.text:fsmPowerUpState$4)
                  000062ac    000000e8     dpl_cc26x0r2.aem3 : PowerCC26XX_tirtos.oem3 (.text:PowerCC26XX_standbyPolicy)
                  00006394    000000e8     heart_rate_cc2640r2lp_stack_library.lib : osal_timers.obj (.text:osalTimerUpdate)
                  0000647c    000000e4     cc26xx_sm_pxxx.a : sm_pairing.o (.text)
                  00006560    000000dc     drivers_cc26x0r2.aem3 : PINCC26XX.oem3 (.text:PINCC26XX_setIoCfg)
                  0000663c    000000d4                           : CryptoCC26XX.oem3 (.text:CryptoCC26XX_open)
                  00006710    000000d4     cc2640_ll_pxxx_ext_scan_ext_adv.a : ll_scheduler.o (.text)
                  000067e4    000000c4     cc26xx_sm_pxxx.a : sm_pairing.o (.text)
                  000068a8    000000c0     heart_rate_cc2640r2lp_stack_library.lib : osal.obj (.text:osal_set_event)
                  00006968    000000bc     drivers_cc26x0r2.aem3 : PowerCC26XX.oem3 (.text:Power_releaseDependency)
                  00006a24    000000b8     driverlib.lib : setup.obj (.text:NOROM_SetupTrimDevice)
                  00006adc    000000b4     drivers_cc26x0r2.aem3 : PowerCC26XX.oem3 (.text:Power_setDependency)
                  00006b90    000000b4     devinfoservice.obj (.text:devInfo_ReadAttrCB$12)
                  00006c44    000000b4     main.obj (.text:main)
                  00006cf8    000000b0     TRNGCC26XX.obj (.text:TRNGCC26XX_getNumber)
                  00006da8    000000b0     RFCC26XX_singleMode.obj (.text:abortCmd$4)
                  00006e58    000000b0     cc2640_hci_pxxx_ext_scan_ext_adv.a : hci_event.o (.text)
                  00006f08    000000a8     RFCC26XX_singleMode.obj (.text:swiFxnHw$4)
                  00006fb0    000000a4     heart_rate_cc2640r2lp_stack_library.lib : gapbondmgr.obj (.text:GAPBondMgr_ResolveAddr)
                  00007054    000000a4                                             : osal.obj (.text:osal_msg_enqueue_push$24)
                  000070f8    000000a4     drivers_cc26x0r2.aem3 : PowerCC26XX.oem3 (.text:switchXOSCHFclockFunc)
                  0000719c    000000a0     auto_init.aem3 : auto_init.oem3 (.text)
                  0000723c    000000a0     RFCC26XX_singleMode.obj (.text:discardPendCmd$4)
                  000072dc    0000009e     heart_rate_cc2640r2lp_stack_library.lib : gapbondmgr.obj (.text:gapBondMgrUpdateCharCfg$31)
                  0000737a    00000002                                             : onboard.obj (.text:Onboard_soft_reset)
                  0000737c    0000009c                                             : osal_cbtimer.obj (.text:cbTimerSetup$39)
                  00007418    0000009c     rtsv7M3_T_le_eabi.lib : memcpy_t2.asm.obj (.text)
                  000074b4    00000098     drivers_cc26x0r2.aem3 : PINCC26XX.oem3 (.text:PIN_open)
                  0000754c    00000098     heart_rate_cc2640r2lp_stack_library.lib : osal_cbtimer.obj (.text:osal_CbTimerProcessEvent)
                  000075e4    00000098     rom_sysbios.aem3 : rom_sysbios.obj (.text:ti_sysbios_knl_Clock_workFuncDynamic__E)
                  0000767c    00000096     rtsv7M3_T_le_eabi.lib : ull_div_t2.asm.obj (.text)
                  00007712    00000002     heart_rate_cc2640r2lp_stack_library.lib : sm_ecc.obj (.text:SM_dhKeyCB)
                  00007714    00000094     icall.obj (.text:ICall_setTimer)
                  000077a8    00000094     heart_rate_cc2640r2lp_stack_library.lib : osal_timers.obj (.text:osal_timer_refTimeUpdate)
                  0000783c    00000090     driverlib.lib : crypto.obj (.text:NOROM_CRYPTOAesLoadKey)
                  000078cc    00000090                   : setup.obj (.text:TrimAfterColdResetWakeupFromShutDown$21)
                  0000795c    00000090     cc2640_hci_tl_ext_scan_ext_adv_none.a : hci_tl.o (.text)
                  000079ec    00000090     cc2640_ll_pxxx_ext_scan_ext_adv.a : ll_enc.o (.text)
                  00007a7c    00000090     heart_rate_cc2640r2lp_stack_library.lib : osal.obj (.text:osal_msg_receive)
                  00007b0c    0000008c     icall.obj (.text:ICall_heapMalloc)
                  00007b98    0000008c     cc2640_ll_pxxx_ext_scan_ext_adv.a : ll_isr.o (.text)
                  00007c24    0000008c     RFCC26XX_singleMode.obj (.text:ratFreeChannel$4)
                  00007cb0    00000088     drivers_cc26x0r2.aem3 : CryptoCC26XX.oem3 (.text:CryptoCC26XX_allocateKey)
                  00007d38    00000088     battservice.obj (.text:battNotifyLevel$11)
                  00007dc0    00000088     cc2640_ll_pxxx_ext_scan_ext_adv.a : ll.o (.text)
                  00007e48    00000088     cc26xx_profiles_pxxx.a : gapgattserver.o (.text)
                  00007ed0    00000088     peripheral.obj (.text:gapRole_startConnUpdate$16)
                  00007f58    00000088     RFCC26XX_singleMode.obj (.text:hwiFxnHw$4)
                  00007fe0    00000086     cc2640_ll_pxxx_ext_scan_ext_adv.a : ll_common.o (.text)
                  00008066    00000002     heart_rate_cc2640r2lp_stack_library.lib : sm_ecc.obj (.text:SM_p256KeyCB)
                  00008068    0000007c     cc2640_hci_pxxx_ext_scan_ext_adv.a : hci_event.o (.text)
                  000080e4    0000007c     cc2640_ll_pxxx_ext_scan_ext_adv.a : ll_scheduler.o (.text)
                  00008160    0000007c     cc26xx_gap_pxxx.a : gap_linkmgr.o (.text)
                  000081dc    0000007c     heartrateservice.obj (.text:heartRate_WriteAttrCB$15)
                  00008258    0000007c     heart_rate_cc2640r2lp_stack_library.lib : osal.obj (.text:osal_event_send$24)
                  000082d4    0000007c     RFCC26XX_singleMode.obj (.text:rfReleaseConstraint)
                  00008350    0000007a     rtsv7M3_T_le_eabi.lib : memset_t2.asm.obj (.text)
                  000083ca    00000002                           : _lock.c.obj (.text:_nop)
                  000083cc    00000078     heart_rate_cc2640r2lp_stack_library.lib : gapbondmgr.obj (.text:GAPBondMgr_syncResolvingList)
                  00008444    00000078     cc26xx_profiles_pxxx.a : gattservapp.o (.text)
                  000084bc    00000074     cc2640_ll_pxxx_ext_scan_ext_adv.a : ll_common.o (.text)
                  00008530    00000074     heart_rate_cc2640r2lp_stack_library.lib : gapbondmgr.obj (.text:gapBondMgrBondReq$31)
                  000085a4    00000074     rom_sysbios.aem3 : rom_sysbios.obj (.text:ti_sysbios_family_arm_cc26xx_Timer_start__E)
                  00008618    00000070     icall.obj (.text:ICall_heapGetStats)
                  00008688    00000070     icall.obj (.text:ICall_heapInit)
                  000086f8    00000070     driverlib.lib : sys_ctrl.obj (.text:NOROM_SysCtrlAdjustRechargeAfterPowerDown)
                  00008768    00000070     heart_rate_cc2640r2lp_stack_library.lib : ble_dispatch_lite.obj (.text:ble_dispatch_liteProcess)
                  000087d8    00000070     drivers_cc26x0r2.aem3 : PowerCC26XX.oem3 (.text:lfClockReadyCallback)
                  00008848    00000070     heart_rate_cc2640r2lp_stack_library.lib : osal_snv_wrapper.obj (.text:writeWord$28)
                  000088b8    0000006c     icall.obj (.text:ICall_sendServiceComplete)
                  00008924    0000006c     driverlib.lib : osc.obj (.text:NOROM_OSCHF_AttemptToSwitchToXosc)
                  00008990    0000006c     drivers_cc26x0r2.aem3 : PowerCC26XX_calibrateRCOSC.oem3 (.text:PowerCC26XX_initiateCalibration)
                  000089fc    0000006c     cc2640_ll_pxxx_ext_scan_ext_adv.a : ll_scheduler.o (.text)
                  00008a68    0000006c     drivers_cc26x0r2.aem3 : PowerCC26XX.oem3 (.text:configureXOSCHF)
                  00008ad4    0000006c     RFCC26XX_singleMode.obj (.text:ratDispatchTime$4)
                  00008b40    00000068     driverlib.lib : sys_ctrl.obj (.text:NOROM_SysCtrl_DCDC_VoltageConditionalControl)
                  00008ba8    00000068     rtsv7M3_T_le_eabi.lib : copy_decompress_lzss.c.obj (.text:decompress:lzss:__TI_decompress_lzss)
                  00008c10    00000068     heart_rate_cc2640r2lp_stack_library.lib : osal_cbtimer.obj (.text:osal_CbTimerUpdate)
                  00008c78    00000064     icall.obj (.text:ICall_send)
                  00008cdc    00000064     cc26xx_profiles_pxxx.a : gattservapp.o (.text)
                  00008d40    00000060     gattservapp_util.obj (.text:GATTServApp_ProcessCCCWriteReq)
                  00008da0    00000060     icall.obj (.text:ICall_createRemoteTasksAtRuntime)
                  00008e00    00000060     icall.obj (.text:ICall_enrollService)
                  00008e60    00000060     RFCC26XX_singleMode.obj (.text:fsmXOSCState$4)
                  00008ec0    0000005e     icall.obj (.text:ICall_fetchMsg)
                  00008f1e    00000002     RFCC26XX_singleMode.obj (.text:defaultCallback$4)
                  00008f20    0000005c     icall.obj (.text:ICall_pwrUpdActivityCounter)
                  00008f7c    0000005c     drivers_cc26x0r2.aem3 : PowerCC26XX_calibrateRCOSC.oem3 (.text:PowerCC26XX_RCOSC_clockFunc)
                  00008fd8    0000005c                           : PowerCC26XX.oem3 (.text:PowerCC26XX_calibrate)
                  00009034    0000005c     cc26xx_profiles_pxxx.a : gattservapp.o (.text)
                  00009090    0000005c     app_ble_pem3.oem3 (.text:xdc_runtime_Startup_getState__I)
                  000090ec    0000005a     RFCC26XX_singleMode.obj (.text:syncCb$4)
                  00009146    00000058     icall.obj (.text:ICall_wait)
                  0000919e    00000002     drivers_cc26x0r2.aem3 : PowerCC26XX.oem3 (.text:emptyClockFunc)
                  000091a0    00000058     RFCC26XX_singleMode.obj (.text:RF_getCurrentTime)
                  000091f8    00000058     battservice.obj (.text:battReadAttrCB$11)
                  00009250    00000058     RFCC26XX_singleMode.obj (.text:dispatchNextEvent$4)
                  000092a8    00000058     heart_rate_cc2640r2lp_stack_library.lib : osal_snv_wrapper.obj (.text:findItem$28)
                  00009300    00000058                                             : gapbondmgr.obj (.text:gapBondMgrReadBonds$31)
                  00009358    00000058                                             : osal_cbtimer.obj (.text:osal_CbTimerStop)
                  000093b0    00000050     ECCROMCC26XX.obj (.text:ECCROMCC26XX_Params_init)
                  00009400    00000050     heart_rate_cc2640r2lp_stack_library.lib : gapbondmgr.obj (.text:GAPBondMgr_LinkTerm)
                  00009450    00000050     icall.obj (.text:ICall_registerApp)
                  000094a0    00000050     RFCC26XX_singleMode.obj (.text:RF_getInfo)
                  000094f0    00000050     cc26xx_profiles_pxxx.a : gattservapp.o (.text)
                  00009540    0000004c     icall.obj (.text:ICall_newTask$6)
                  0000958c    0000004c     RFCC26XX_singleMode.obj (.text:RF_wakeupNotifyFxn$4)
                  000095d8    0000004c     battservice.obj (.text:battWriteAttrCB$11)
                  00009624    0000004c     rtsv7M3_T_le_eabi.lib : cpy_tbl.c.obj (.text:copy_in)
                  00009670    0000004c     heart_rate_cc2640r2lp_stack_library.lib : gapbondmgr.obj (.text:gapBondMgrUpdateLruBondList$31)
                  000096bc    0000004c                                             : osal_bufmgr.obj (.text:osal_bm_free)
                  00009708    00000048     dpl_cc26x0r2.aem3 : ClockP_tirtos.oem3 (.text:ClockP_construct)
                  00009750    00000048     ECCROMCC26XX.obj (.text:ECC_initGlobals$3)
                  00009798    00000048     heart_rate.obj (.text:HeartRate_enqueueMsg$1)
                  000097e0    00000048     RFCC26XX_singleMode.obj (.text:Q_push$4)
                  00009828    00000048     util.obj (.text:Util_constructClock)
                  00009870    00000048     heart_rate_cc2640r2lp_stack_library.lib : osal_timers.obj (.text:osalAddTimer)
                  000098b8    00000048     rom_sysbios.aem3 : rom_sysbios.obj (.text:ti_sysbios_family_arm_cc26xx_Timer_setThreshold__I)
                  00009900    00000044     drivers_cc26x0r2.aem3 : CryptoCC26XX.oem3 (.text:CryptoCC26XX_loadKey)
                  00009944    00000044     driverlib.lib : osc.obj (.text:NOROM_OSCHF_SwitchToRcOscTurnOffXosc)
                  00009988    00000044     boot.aem3 : boot.oem3 (.text)
                  000099cc    00000044     cc2640_ll_pxxx_ext_scan_ext_adv.a : ll_scheduler.o (.text)
                  00009a10    00000044     cc26xx_profiles_pxxx.a : gattservapp.o (.text)
                  00009a54    00000044     heart_rate_cc2640r2lp_stack_library.lib : osal_snv_wrapper.obj (.text:erasePage$28)
                  00009a98    00000044     drivers_cc26x0r2.aem3 : PowerCC26XX.oem3 (.text:notify)
                  00009adc    00000044     heart_rate_cc2640r2lp_stack_library.lib : osal_timers.obj (.text:osal_start_timerEx)
                  00009b20    00000042                                             : gapbondmgr.obj (.text:GAPBondMgr_UpdateCharCfg)
                  00009b62    00000042                                             : gap.obj (.text:GAP_DeviceInit)
                  00009ba4    00000040     ECCROMCC26XX.obj (.text:ECCROMCC26XX_init)
                  00009be4    00000040     peripheral.obj (.text:GAPRole_createTask)
                  00009c24    00000040     drivers_cc26x0r2.aem3 : PINCC26XX.oem3 (.text:PIN_swi)
                  00009c64    00000040                           : PowerCC26XX.oem3 (.text:PowerCC26XX_isStableXOSC_HF)
                  00009ca4    00000040     cc2640_ll_pxxx_ext_scan_ext_adv.a : ll_isr.o (.text)
                  00009ce4    00000040     cc26xx_profiles_pxxx.a : gattservapp.o (.text)
                  00009d24    00000040                            : gattservapp.o (.text)
                  00009d64    00000040     rom_sysbios.aem3 : rom_sysbios.obj (.text:ti_sysbios_heaps_HeapCallback_Module_startup__E)
                  00009da4    0000003e     dpl_cc26x0r2.aem3 : HwiP_tirtos.oem3 (.text:HwiP_construct)
                  00009de2    00000002     heart_rate_cc2640r2lp_stack_library.lib : hal_assert.obj (.text:halAssertHandler)
                  00009de4    0000003c     heart_rate.obj (.text:HeartRate_createTask)
                  00009e20    0000003c     driverlib.lib : osc.obj (.text:NOROM_OSC_HPOSCRelativeFrequencyOffsetGet)
                  00009e5c    0000003c     dpl_cc26x0r2.aem3 : SwiP_tirtos.oem3 (.text:SwiP_construct)
                  00009e98    0000003c     cc2640_hci_tl_ext_scan_ext_adv_none.a : hci_tl.o (.text)
                  00009ed4    0000003c     cc2640_ll_pxxx_ext_scan_ext_adv.a : ll_scheduler.o (.text)
                  00009f10    0000003c     cc26xx_profiles_pxxx.a : gattservapp.o (.text)
                  00009f4c    0000003c                            : gattservapp.o (.text)
                  00009f88    0000003c     drivers_cc26x0r2.aem3 : PowerCC26XX.oem3 (.text:disableLfClkQualifiersEnableClkLoss)
                  00009fc4    0000003c     heart_rate_cc2640r2lp_stack_library.lib : osal_bufmgr.obj (.text:osal_bm_alloc)
                  0000a000    0000003c                                             : osal_timers.obj (.text:osal_start_reload_timer)
                  0000a03c    0000003c     rom_sysbios.aem3 : rom_sysbios.obj (.text:ti_sysbios_family_arm_m3_Hwi_construct2__E)
                  0000a078    0000003a     RFCC26XX_singleMode.obj (.text:calculateDispatchTime$4)
                  0000a0b2    00000002     heart_rate_cc2640r2lp_stack_library.lib : hal_assert.obj (.text:halAssertSpinlock)
                  0000a0b4    00000038     board_key.obj (.text:Board_keyCallback$0)
                  0000a0ec    00000038     util.obj (.text:Util_restartClock)
                  0000a124    00000038     cc2640_ll_pxxx_ext_scan_ext_adv.a : ll_scheduler.o (.text)
                  0000a15c    00000038                                       : ll_scheduler.o (.text)
                  0000a194    00000038     cc26xx_l2cap_pxxx.a : l2cap_util.o (.text)
                  0000a1cc    00000038     heart_rate_cc2640r2lp_stack_library.lib : osal_snv_wrapper.obj (.text:disableCache$28)
                  0000a204    00000038                                             : osal.obj (.text:osal_alien2proxy)
                  0000a23c    00000038                                             : osal.obj (.text:osal_msec_timer_cback$24)
                  0000a274    00000038                                             : osal_timers.obj (.text:osal_stop_timerEx)
                  0000a2ac    00000038     rom_sysbios.aem3 : rom_sysbios.obj (.text:ti_sysbios_family_arm_cc26xx_Timer_getCurrentTick__E)
                  0000a2e4    00000036                      : rom_sysbios.obj (.text:ti_sysbios_family_arm_cc26xx_Timer_setNextTick__E)
                  0000a31a    00000002     icall_api_lite.obj (.text:rfErrCb)
                  0000a31c    00000034     gattservapp_util.obj (.text:GATTServApp_InitCharCfg)
                  0000a350    00000034     icall.obj (.text:ICall_heapFree)
                  0000a384    00000034     icall.obj (.text:ICall_searchServiceEntity)
                  0000a3b8    00000034     drivers_cc26x0r2.aem3 : PINCC26XX.oem3 (.text:PIN_setConfig)
                  0000a3ec    00000034                           : PowerCC26XX.oem3 (.text:Power_releaseConstraint)
                  0000a420    00000034     cc2640_ll_pxxx_ext_scan_ext_adv.a : ll_scheduler.o (.text)
                  0000a454    00000034     heart_rate_cc2640r2lp_stack_library.lib : osal.obj (.text:osal_clear_event)
                  0000a488    00000034     RFCC26XX_singleMode.obj (.text:runDirectImmediateCmd$4)
                  0000a4bc    00000034     rom_sysbios.aem3 : rom_sysbios.obj (.text:ti_sysbios_family_arm_cc26xx_Timer_initDevice__I)
                  0000a4f0    00000032     main.obj (.text:AssertHandler)
                  0000a522    00000032     heart_rate.obj (.text:HeartRate_toggleAdvertising$1)
                  0000a554    00000032     icall.obj (.text:ICall_fetchServiceMsg)
                  0000a586    00000032     heartrateservice.obj (.text:heartRate_ReadAttrCB$15)
                  0000a5b8    00000030     heart_rate_cc2640r2lp_stack_library.lib : gapbondmgr.obj (.text:GAPBondMgr_PasscodeRsp)
                  0000a5e8    00000030     peripheral.obj (.text:GAPRole_TerminateConnection)
                  0000a618    00000030     heart_rate_cc2640r2lp_stack_library.lib : hal_flash_wrapper.obj (.text:HalFlashRead)
                  0000a648    00000030     icall.obj (.text:ICall_dispatch$6)
                  0000a678    00000030     icall.obj (.text:ICall_msecs2Ticks$6)
                  0000a6a8    00000030     icall.obj (.text:ICall_primEntityId2ServiceId$6)
                  0000a6d8    00000030     icall.obj (.text:ICall_searchTask$6)
                  0000a708    00000030     drivers_cc26x0r2.aem3 : PowerCC26XX.oem3 (.text:Power_setConstraint)
                  0000a738    00000030     RFCC26XX_singleMode.obj (.text:RF_runCmd)
                  0000a768    00000030     cc26xx_gap_pxxx.a : gap_configmgr.o (.text)
                  0000a798    00000030     cc26xx_profiles_pxxx.a : gattservapp.o (.text)
                  0000a7c8    00000030     heart_rate_cc2640r2lp_stack_library.lib : gapbondmgr.obj (.text:gapBondMgr_SyncWhiteList$31)
                  0000a7f8    00000030     RFCC26XX_singleMode.obj (.text:getCmd$4)
                  0000a828    00000030     heart_rate_cc2640r2lp_stack_library.lib : osal_timers.obj (.text:osal_get_timeoutEx)
                  0000a858    00000030     app_ble_pem3.oem3 (.text:ti_sysbios_BIOS_atExitFunc__I)
                  0000a888    00000030     app_ble_pem3.oem3 (.text:ti_sysbios_BIOS_startFunc__I)
                  0000a8b8    00000030     app_ble_pem3.oem3 (.text:ti_sysbios_heaps_HeapCallback_Object__create__S)
                  0000a8e8    0000002e     icall_cc2650.obj (.text:ICallPlatform_pwrDispenseImpl$7)
                  0000a916    0000002e     icall_cc2650.obj (.text:ICallPlatform_pwrRequireImpl$7)
                  0000a944    0000002e     cc26xx_profiles_pxxx.a : gattservapp.o (.text)
                  0000a972    0000002e     drivers_cc26x0r2.aem3 : CryptoCC26XX.oem3 (.text:cryptoTransactionPend)
                  0000a9a0    0000002e     heart_rate_cc2640r2lp_stack_library.lib : osal.obj (.text:osal_build_uint32)
                  0000a9ce    00000002     rtsv7M3_T_le_eabi.lib : div0.asm.obj (.text)
                  0000a9d0    0000002c     icall.obj (.text:ICall_getLocalMsgEntityId)
                  0000a9fc    0000002c     icall.obj (.text:ICall_msgEnqueue$6)
                  0000aa28    0000002c     driverlib.lib : chipinfo.obj (.text:NOROM_ChipInfo_GetChipFamily)
                  0000aa54    0000002c     dpl_cc26x0r2.aem3 : SemaphoreP_tirtos.oem3 (.text:SemaphoreP_constructBinary)
                  0000aa80    0000002c     heart_rate_cc2640r2lp_stack_library.lib : ble_dispatch_lite.obj (.text:bleDispatch_BMAlloc)
                  0000aaac    0000002c     RFCC26XX_singleMode.obj (.text:calculateDeltaTimeUs$4)
                  0000aad8    0000002c     cc26xx_profiles_pxxx.a : gattservapp.o (.text)
                  0000ab04    0000002c     cc26xx_sm_pxxx.a : sm_pairing.o (.text)
                  0000ab30    0000002c     RFCC26XX_singleMode.obj (.text:executeDirectImmediateCmd$4)
                  0000ab5c    0000002c     heart_rate_cc2640r2lp_stack_library.lib : osal_snv_wrapper.obj (.text:findOffset$28)
                  0000ab88    0000002c                                             : gapbondmgr.obj (.text:gapBondMgrFindAddr$31)
                  0000abb4    0000002c     rom_sysbios.aem3 : rom_sysbios.obj (.text:ti_sysbios_knl_Clock_getTicksUntilInterrupt__E)
                  0000abe0    0000002a                      : rom_sysbios.obj (.text:ti_sysbios_knl_Clock_getTimeout__E)
                  0000ac0a    00000002     app_ble_pem3.oem3 (.text:ti_sysbios_BIOS_nullFunc__I)
                  0000ac0c    00000028     driverlib.lib : rfc.obj (.text:NOROM_RFCDoorbellSendTo)
                  0000ac34    00000028     drivers_cc26x0r2.aem3 : PowerCC26XX.oem3 (.text:Power_registerNotify)
                  0000ac5c    00000028     driverlib.lib : adi.obj (.text:SafeHapiVoid)
                  0000ac84    00000028     TRNGCC26XX.obj (.text:TRNGCC26XX_init)
                  0000acac    00000028     heart_rate_cc2640r2lp_stack_library.lib : osal_bufmgr.obj (.text:bm_desc_from_payload$25)
                  0000acd4    00000028                                             : gapbondmgr.obj (.text:gapBondMgrBondTotal$31)
                  0000acfc    00000028                                             : osal_bufmgr.obj (.text:osal_bm_adjust_header)
                  0000ad24    00000028                                             : osal_timers.obj (.text:osal_next_timeout)
                  0000ad4c    00000028                                             : osal_snv_wrapper.obj (.text:osal_snv_compact)
                  0000ad74    00000026                                             : gapbondmgr.obj (.text:gapBondMgrGetStateFlags$31)
                  0000ad9a    00000002     rom_sysbios.aem3 : rom_sysbios.obj (.text:xdc_runtime_SysCallback_defaultAbort)
                  0000ad9c    00000024     drivers_cc26x0r2.aem3 : CryptoCC26XX.oem3 (.text:CryptoCC26XX_hwiIntFxn)
                  0000adc0    00000024     driverlib.lib : chipinfo.obj (.text:NOROM_ChipInfo_GetChipType)
                  0000ade4    00000024                   : osc.obj (.text:NOROM_OSCHF_TurnOnXosc)
                  0000ae08    00000024     cc26xx_profiles_pxxx.a : gapgattserver.o (.text)
                  0000ae2c    00000024     RFCC26XX_singleMode.obj (.text:hwiFxnCpe0PowerFsm$4)
                  0000ae50    00000024     rtsv7M3_T_le_eabi.lib : memcmp.c.obj (.text:memcmp)
                  0000ae74    00000024     heart_rate_cc2640r2lp_stack_library.lib : osal.obj (.text:osal_msg_allocate)
                  0000ae98    00000024                                             : osal.obj (.text:osal_service_entry)
                  0000aebc    00000024     app_ble_pem3.oem3 (.text:ti_sysbios_BIOS_registerRTSLock__I)
                  0000aee0    00000024     app_ble_pem3.oem3 (.text:ti_sysbios_BIOS_removeRTSLock__I)
                  0000af04    00000024     rom_sysbios.aem3 : rom_sysbios.obj (.text:ti_sysbios_family_arm_cc26xx_Timer_getMaxTicks__E)
                  0000af28    00000022     icall.obj (.text:ICall_setTimerMSecs)
                  0000af4a    00000022     drivers_cc26x0r2.aem3 : List.oem3 (.text:List_put)
                  0000af6c    00000022     cc26xx_profiles_pxxx.a : gattservapp.o (.text)
                  0000af8e    00000002     rom_sysbios.aem3 : rom_sysbios.obj (.text:xdc_runtime_SysCallback_defaultExit)
                  0000af90    00000020     heart_rate_cc2640r2lp_stack_library.lib : hal_flash_wrapper.obj (.text:HalFlashGetAddress)
                  0000afb0    00000020     dpl_cc26x0r2.aem3 : PowerCC26XX_tirtos.oem3 (.text:PowerCC26XX_schedulerDisable)
                  0000afd0    00000020                       : PowerCC26XX_tirtos.oem3 (.text:PowerCC26XX_schedulerRestore)
                  0000aff0    00000020     battservice.obj (.text:battMeasure$11)
                  0000b010    00000020     cc2640_ll_pxxx_ext_scan_ext_adv.a : ll_isr.o (.text)
                  0000b030    00000020     cc26xx_profiles_pxxx.a : gattservapp.o (.text)
                  0000b050    00000020     gattservapp_util.obj (.text:gattServApp_FindCharCfgItem$14)
                  0000b070    00000020     heart_rate_cc2640r2lp_stack_library.lib : osal_timers.obj (.text:osalFindTimer)
                  0000b090    00000020                                             : osal.obj (.text:osal_memcmp)
                  0000b0b0    00000020                                             : osal.obj (.text:osal_msg_deallocate)
                  0000b0d0    00000020                                             : osal.obj (.text:osal_msg_send)
                  0000b0f0    00000020                                             : osal.obj (.text:osal_proxy2alien$24)
                  0000b110    00000020     app_ble_pem3.oem3 (.text:ti_sysbios_BIOS_rtsLock__I)
                  0000b130    00000020     rom_sysbios.aem3 : rom_sysbios.obj (.text:ti_sysbios_family_arm_cc26xx_Timer_dynamicStub__E)
[...]
20001a94  osal_last_timestamp                                                       
20001a9c  llTaskList                                                                
20001aa8  PowerCC26XX_taskKey                                                       
20001aac  PowerCC26XX_swiKey                                                        
20001abc  ClockP_tickPeriod                                                         
20001ac0  tasksEvents                                                               
20001ac4  trngCC26XXObjects                                                         
20001aca  hciTaskID                                                                 
20001acb  hciGapTaskID                                                              
20001acc  hciTestTaskID                                                             
20001acd  hciL2capTaskID                                                            
20001ace  hciSmpTaskID                                                              
20001acf  scanReqRpt                                                                
20001ad0  driverlib_release_0_49664                                                 
20001ad1  g_hwiInt                                                                  
20001ad2  icall_liteTaskId                                                          
20001ad3  heapStart                                                                 
20004000  __stack                                                                   
20004000  heapEnd                                                                   
20004400  __STACK_END                                                               
20004400  __STACK_TOP                                                               
200044f8  RAM_BASE_ADDR                                                             
20004504  ROM_FlashJT                                                               
20004508  gapParameters                                                             
20004558  gapPeripheralCBs                                                          
20004564  gapPeripheralConnCBs                                                      
20004568  rfMode                                                                    
20004584  smResponderCBs                                                            
2000459c  slaveConnHandle                                                           
2000459e  nextHandle                                                                
200045a0  l2capMtuSize                                                              
200045a2  gapAppTaskID                                                              
200045a3  gapAdvAppTaskID                                                           
200045a4  gapUnwantedTaskID                                                         
200045a5  reqTaskId                                                                 
200045a6  gattAppTaskID                                                             
200045a7  appTaskID                                                                 
200045a8  flowCtrlTaskId                                                            
200045a9  SM_appTaskID                                                              
200045ac  resolvingList                                                             
200046ec  scanDataEntry                                                             
200047cc  wlTable                                                                   
200048a8  wlTableScan                                                               
20004988  rfObject                                                                  
20004a20  advCmd                                                                    
20004a68  localEccKeys                                                              
20004aac  initDataEntry                                                             
20004ae4  advDataEntry                                                              
20004b1c  l2capFixedChannels                                                        
20004b4c  linkCBs                                                                   
20004b7c  eccParams                                                                 
20004bac  initParam                                                                 
20004bd0  scanParam                                                                 
20004bf4  advParam                                                                  
20004c14  cryptoPRAND                                                               
20004c34  txModemTestCmd                                                            
20004c50  gapParams                                                                 
20004c6c  initCmd                                                                   
20004c84  connReqData                                                               
20004c9c  scanCmd                                                                   
20004cb4  scanOutput                                                                
20004ccc  trxTestCmd                                                                
20004ce4  rxModemTestCmd                                                            
20004cfc  rsp                                                                       
20004d14  fwParDtmCmd                                                               
20004d2c  rfSetup                                                                   
20004d44  fwParRfCmd                                                                
20004d5c  connOutput                                                                
20004d70  rxTestParam                                                               
20004d84  initDataQueue                                                             
20004d94  scanDataQueue                                                             
20004da4  advDataQueue                                                              
20004db4  advOutput                                                                 
20004dc4  txTestParam                                                               
20004dd4  initOutput                                                                
20004de0  rxTestOut                                                                 
20004dec  deviceFeatureSet                                                          
20004df8  cachedTRNGdata                                                            
20004e04  gapCurrentRandomAddr                                                      
20004e0c  slaveUpdateReq                                                            
20004e14  pBleEvtMask                                                               
20004e1c  pHciEvtMask                                                               
20004e24  pHciEvtMask2                                                              
20004e2c  ownPublicAddr                                                             
20004e34  ownRandomAddr                                                             
20004e3c  ownSavedPublicAddr                                                        
20004e44  fwImmedCmd                                                                
20004e4c  attServerNotifyTxCB                                                       
20004e50  rfEvent                                                                   
20004e58  fwParCmd                                                                  
20004e60  verInfo                                                                   
20004e68  llConns                                                                   
20004e70  fwParamImmedCmd                                                           
20004e78  privInfo                                                                  
20004e80  linkCmd                                                                   
20004e84  linkParam                                                                 
20004e88  rxDataQ                                                                   
20004e8c  txDataQ                                                                   
20004e90  rxRingBuf                                                                 
20004e94  txTestOut                                                                 
20004e98  pGapDiscReq                                                               
20004e9c  pGapAdvertState                                                           
20004ea0  pEstLink                                                                  
20004ea4  pAuthLink                                                                 
20004ea8  pfnCentralConnCBs                                                         
20004eac  pfnPeripheralConnCBs                                                      
20004eb0  pGapAdvTokens                                                             
20004eb4  pGapAdData                                                                
20004eb8  pGapScanRspData                                                           
20004ebc  pfnPeripheralCBs                                                          
20004ec0  pfnCentralCBs                                                             
20004ec4  pfnBondMgrCBs                                                             
20004ec8  serverInfoTbl                                                             
20004ecc  pServiceList                                                              
20004ed0  pfnServerProcessMsgCB                                                     
20004ed4  pfnClientProcessMsgCB                                                     
20004ed8  prepareWritesTbl                                                          
20004edc  serviceCBsList                                                            
20004ee0  pAttrValue                                                                
20004ee4  l2capChannels                                                             
20004ee8  linkDB                                                                    
20004eec  rfHandle                                                                  
20004ef0  rfDrvTblPtr                                                               
20004ef4  eccDrvTblPtr                                                              
20004ef8  cryptoDrvTblPtr                                                           
20004efc  trngDrvTblPtr                                                             
20004f00  activeConns                                                               
20004f04  SysBootMsg                                                                
20004f08  sclkSrc                                                                   
20004f0c  buildInfo                                                                 
20004f10  advInfo                                                                   
20004f14  scanInfo                                                                  
20004f18  initInfo                                                                  
20004f1c  dtmInfo                                                                   
20004f20  taskEndAction                                                             
20004f24  encParams                                                                 
20004f28  encHandle                                                                 
20004f2c  encKey                                                                    
20004f30  pPairingParams                                                            
20004f34  pfnResponderCBs                                                           
20004f38  pfnInitiatorCBs                                                           
20004f3c  gapLimitedAdvertisingTimeout                                              
20004f3e  attrLen                                                                   
20004f40  numHostBufs                                                               
20004f42  rfCmdHandle                                                               
20004f44  connInitialMaxTxOctets                                                    
20004f46  connInitialMaxTxTime                                                      
20004f48  supportedMaxTxOctets                                                      
20004f4a  supportedMaxTxTime                                                        
20004f4c  supportedMaxRxOctets                                                      
20004f4e  supportedMaxRxTime                                                        
20004f50  taskEndStatus                                                             
20004f52  postRfOperations                                                          
20004f54  rfCfgAdiVal                                                               
20004f58  gapProfileRole                                                            
20004f59  gapDeviceAddrMode                                                         
20004f5a  gapState                                                                  
20004f5b  terminateAllTaskID                                                        
20004f5c  terminateReason                                                           
20004f5d  gapTaskID                                                                 
20004f5e  gattNumConns                                                              
20004f5f  gattTaskID                                                                
20004f60  GATTServApp_TaskID                                                        
20004f61  maxNumPrepareWrites                                                       
20004f62  hciPTMenabled                                                             
20004f63  ctrlToHostEnable                                                          
20004f64  l2capFlowCtrlMode                                                         
20004f65  l2capTaskID                                                               
20004f66  l2capNumChannels                                                          
20004f67  l2capNumDataPkts                                                          
20004f68  l2capId                                                                   
20004f69  linkDBNumConns                                                            
20004f6a  linkDB_secureConnectionOnlyMode                                           
20004f6b  maxPduSize                                                                
20004f6c  rfFeModeBias                                                              
20004f6d  maxNumTxDataBufs                                                          
20004f6e  LL_TaskID                                                                 
20004f6f  llState                                                                   
20004f70  rssiCorrection                                                            
20004f71  curTxPowerVal                                                             
20004f72  maxTxPwrForDTM                                                            
20004f73  onePktPerEvt                                                              
20004f74  numComplPkts                                                              
20004f75  numComplPktsLimit                                                         
20004f76  numComplPktsFlush                                                         
20004f77  fastTxRespTime                                                            
20004f78  slOverride                                                                
20004f79  rxFifoFlowCtrl                                                            
20004f7a  numTxDataBufs                                                             
20004f7b  maxNumConns                                                               
20004f7c  smTaskID                                                                  
20004f7d  SM_appExpectingKey                                                        
20004f80  ECC_DATA$$Base                                                            
20004f80  eccRom_param_Gx                                                           
20004f84  eccRom_param_Gy                                                           
20004f88  eccRom_workzone                                                           
20004f8c  eccRom_param_p                                                            
20004f90  eccRom_param_r                                                            
20004f94  eccRom_param_a                                                            
20004f98  eccRom_param_b                                                            
20004f9c  eccRom_windowSize                                                         
20004fa0  aux64                                                                     
20004fa8  MOD                                                                       
20004fac  LEN                                                                       
20004fb0  inScalar                                                                  
20004fb4  inPointX                                                                  
20004fb8  inPointY                                                                  
20004fbc  outPointX                                                                 
20004fc0  outPointY                                                                 
20004fc4  SCAL                                                                      
20004fc8  EXPX                                                                      
20004fcc  EXPY                                                                      
20004fd0  EXPZ                                                                      
20004fd4  EXPW                                                                      
20004fd8  ACCX                                                                      
20004fdc  ACCY                                                                      
20004fe0  ACCZ                                                                      
20004fe4  TMP1                                                                      
20004fe8  TMP2                                                                      
20004fec  TMP3                                                                      
20004ff0  TMP4                                                                      
20004ff4  TMP5                                                                      
20004ff8  TMP6                                                                      
20004ffc  MSBMOD                                                                    
20005000  ECC_DATA$$Limit                                                           
20005000  __UNUSED_SRAM_end__                                                       
e000e000  ti_sysbios_family_arm_m3_Hwi_nvic                                         
ffffffff  __TI_pprof_out_hndl                                                       
ffffffff  __TI_prof_data_size                                                       
ffffffff  __TI_prof_data_start                                                      
ffffffff  __binit__                                                                 
ffffffff  __c_args__                                                                
ffffffff  binit                                                                     
UNDEFED   SHT$$INIT_ARRAY$$Base                                                     
UNDEFED   SHT$$INIT_ARRAY$$Limit                                                    

[2163 symbols]
